0
2
4
6
8
10
12
This
line
should
print

space was behind me
