A
C
E
G
I
K
M
O
Q
S
U
W
Y
B
D
F
H
J
L
N
P
R
T
V
X
Z
