
test code
Bob
Here is some
Aloha mundo
Jello
Jello World
OKAYYY
Yoda
lol hello
this is test code
