
My
is
my
line
lint
my m
name
nick
Hello
heres a blank
