begin in 30 seconds. Line up
lap should be completed
each time you hear
straight line,
We're no strangers to love

Never gonna make you cry
[Verse 2]
